Hello from UAD!